[oceanstatistics.framer.website/index.html]
[backblue.gif]
[fade.gif]
[index.html]
[framerusercontent.com/images/zUpIoAadDN6MIi5qvLrCnwbGRA.png]
[framerusercontent.com/images/acVCxAiMhzn7xvxHeayTOyBNNA.png]
[framerusercontent.com/images/VyyboffUNViXQVve6kdGa6qMg.png]
[framerusercontent.com/images/uzPUAye1ealshx8lma289lMjEt4.png]
[framerusercontent.com/images/7oROsz2zk0JTDGh4CRoCi19Y.png]
[framerusercontent.com/images/6LEt1mwZJwnNRsOqy93uMhcwz0.png]
[framerusercontent.com/images/knByXvHzINMizgyPjNqy9T1F5M.png]
[framerusercontent.com/images/M5bZtf6i66gnomHEYB6EpRskg.png]
[framerusercontent.com/images/C5cMHcn4Lt7bfef1mm9MdzeMpK8.png]
[framerusercontent.com/images/TQHrxeiQDSBVLxilWlrXcK3Pc.png]
[framerusercontent.com/images/1zf18yBZvjHiX8Kl3atmgYDfcw.png]
[framerusercontent.com/images/tLafMUcv6pP0Qe50wXcLe2QpWGY.png]
[framerusercontent.com/images/jh6sCMGlzNqcRRbksE4M4JXxlOw.png]
[framerusercontent.com/images/DGrunhX2S5R5KjpeT63rFycNBk.png]
[framerusercontent.com/images/bsIbvEsmOXDHjMWFLMKXwWlIYw.png]
[framerusercontent.com/images/fmIf5Fem6ZJlVtNU7KVE8bLsZmc.png]
[framerusercontent.com/images/YfEIGRXCD25XVNgTF3a97shzXw.png]
[framerusercontent.com/images/9heajbGoA5FTn9GHx0ZG7E03oiY.png]
[framerusercontent.com/images/PHfW5P3PHUpbNATHEl9LZBdtTWY.png]
[framerusercontent.com/images/8aCeUDSXeqNMrAV7b8bgG55gi6Y.png]
[framerusercontent.com/images/4YJ78RteHMAFzyCrMCiHvkEb8Oc.png]
[framerusercontent.com/images/0CCvjWmQnsRukCawpD5BmGZcnI.png]
[framerusercontent.com/images/oZZNbDmHzNP6TEnBuOtg0t6uhE.png]
[framerusercontent.com/images/U0d4fvI0pjJiJpA5yMzHJhWpqo.png]
[framerusercontent.com/images/lepVVxkjn0oU23sbtyzmGv44OM.png]
[framerusercontent.com/images/SKPxECu4EIMIBtemiOxe6TWOeY.png]
[framerusercontent.com/images/4CUQf5bMrBSdeTr5Qb2ERnSetbc.png]
[framerusercontent.com/images/MFCpMMntzdohe6AY46KtLPNCSuU.png]
[framerusercontent.com/images/EXTSBe13txAja82fijeN0k0xc.png]
[framerusercontent.com/images/RrVIOGFSdBpYMainDLL52E6ye24.png]
[framerusercontent.com/images/I5fB8hqTT03qFH1ZKsZ1E1bY.png]
[framerusercontent.com/images/DzASfBjNqNgbT4zya2jOYrdfWw.png]
[framerusercontent.com/images/SJAdj16sCt3XYGG8REJCsjY164.png]
[framerusercontent.com/images/ksY4GMzKaW09D3Qsfkn3xE8Rwg.png]
[framerusercontent.com/images/tcuRsobEvSUc4CgPvQkQE3xP85I.png]
[framerusercontent.com/images/FkwblZpNaOaW0sn2m7M66gCIXk.png]
[framerusercontent.com/images/ALgycZJAvwaDRMCVeGxhxqiWeI0.png]
[framerusercontent.com/images/26AwfYFBDPy8rcX8oHx7fksWQY.png]
[oceanstatistics.framer.website/index.html]
